(*config.Config)({
 Source: ([]string) (len=1 cap=1) {
  (string) (len=11) "./terraform"
 },
 BundleId: (string) (len=28) "com.mitchellh.test.terraform",
 Notarize: ([]config.Notarize) <nil>,
 Sign: (*config.Sign)({
  ApplicationIdentity: (string) (len=3) "foo",
  EntitlementsFile: (string) ""
 }),
 AppleId: (*config.AppleId)(<nil>),
 Zip: (*config.Zip)(<nil>),
 Dmg: (*config.Dmg)(<nil>),
 IgnorePathIssues: (*string)(<nil>)
})
