(*config.Config)({
 Source: ([]string) {
 },
 BundleId: (string) "",
 Notarize: ([]config.Notarize) (len=2 cap=2) {
  (config.Notarize) {
   Path: (string) (len=22) "/path/to/terraform.pkg",
   BundleId: (string) (len=7) "foo.bar",
   Staple: (bool) false
  },
  (config.Notarize) {
   Path: (string) (len=22) "/path/to/terraform.pkg",
   BundleId: (string) (len=7) "foo.bar",
   Staple: (bool) true
  }
 },
 Sign: (*config.Sign)(<nil>),
 AppleId: (*config.AppleId)({
  Username: (string) (len=21) "mitchellh@example.com",
  Password: (string) (len=5) "hello",
  Provider: (string) ""
 }),
 Zip: (*config.Zip)(<nil>),
 Dmg: (*config.Dmg)(<nil>),
 IgnorePathIssues: (*string)(<nil>)
})
